============================= test session starts ==============================
platform darwin -- Python 3.9.6, pytest-8.0.0, pluggy-1.6.0 -- /Users/abdallahabdelrhimantar/Desktop/p7/.venv/bin/python3
cachedir: .pytest_cache
rootdir: /Users/abdallahabdelrhimantar/Desktop/p7
configfile: pytest.ini
plugins: anyio-4.12.1, asyncio-0.23.5, cov-4.1.0
asyncio: mode=strict
collecting ... collected 8 items

tests/api/test_auth_email.py::TestVerificationEmailFlow::test_register_queues_verification_email PASSED [ 12%]
tests/api/test_auth_email.py::TestVerificationEmailFlow::test_register_duplicate_email_returns_409 PASSED [ 25%]
tests/api/test_auth_email.py::TestVerificationEmailFlow::test_verify_email_endpoint_sets_verified PASSED [ 37%]
tests/api/test_auth_email.py::TestVerificationEmailFlow::test_verify_email_single_use PASSED [ 50%]
tests/api/test_auth_email.py::TestVerificationEmailFlow::test_verify_email_invalid_token_returns_400 PASSED [ 62%]
tests/api/test_auth_email.py::TestPasswordResetEmailFlow::test_forgot_password_queues_reset_email FAILED [ 75%]
tests/api/test_auth_email.py::TestPasswordResetEmailFlow::test_forgot_password_unknown_email_no_leak PASSED [ 87%]
tests/api/test_auth_email.py::TestPasswordResetEmailFlow::test_full_reset_flow FAILED [100%]

=================================== FAILURES ===================================
______ TestPasswordResetEmailFlow.test_forgot_password_queues_reset_email ______

self = <test_auth_email.TestPasswordResetEmailFlow object at 0x10ec2ca00>
client = <starlette.testclient.TestClient object at 0x10f6ddc10>
test_user = <app.models.users.user.User object at 0x10f6dddf0>
monkeypatch = <_pytest.monkeypatch.MonkeyPatch object at 0x10f251b20>

    def test_forgot_password_queues_reset_email(self, client, test_user, monkeypatch):
        """POST /forgot-password must call send_password_reset_email."""
        sent = []
    
        async def fake_send(self, email, token):
            sent.append({"email": email, "token": token})
    
        monkeypatch.setattr(
            "app.services.core.email_service.EmailService.send_password_reset_email", fake_send
        )
    
        resp = client.post(
            "/api/v1/auth/forgot-password",
            json={"email": test_user.email},
        )
        assert resp.status_code == 200
        assert "sent" in resp.json()["message"].lower()
    
>       assert len(sent) == 1
E       AssertionError: assert 6 == 1
E        +  where 6 = len([{'email': 'test@example.com', 'token': 'eyJhbGciOiJIUzI1NiIsInR5cCI6IkpXVCJ9.eyJleHAiOjE3NzE5NDU4NzgsInN1YiI6InRlc3RAZXhhbXBsZS5jb20iLCJ0eXBlIjoicGFzc3dvcmRfcmVzZXQiLCJqdGkiOiJmNmZhMzdkNy00M2U4LTQzYjQtOGJlZi00NzJmMjU2MDg5MjMifQ.kxNvvxU_CVtFdpWNCJ3UCNdLAaRbOSHUa-kT5ESu0j8'}, {'email': 'test@example.com', 'token': 'eyJhbGciOiJIUzI1NiIsInR5cCI6IkpXVCJ9.eyJleHAiOjE3NzE5NDU4NzgsInN1YiI6InRlc3RAZXhhbXBsZS5jb20iLCJ0eXBlIjoicGFzc3dvcmRfcmVzZXQiLCJqdGkiOiJmNmZhMzdkNy00M2U4LTQzYjQtOGJlZi00NzJmMjU2MDg5MjMifQ.kxNvvxU_CVtFdpWNCJ3UCNdLAaRbOSHUa-kT5ESu0j8'}, {'email': 'test@example.com', 'token': 'eyJhbGciOiJIUzI1NiIsInR5cCI6IkpXVCJ9.eyJleHAiOjE3NzE5NDU4NzgsInN1YiI6InRlc3RAZXhhbXBsZS5jb20iLCJ0eXBlIjoicGFzc3dvcmRfcmVzZXQiLCJqdGkiOiJmNmZhMzdkNy00M2U4LTQzYjQtOGJlZi00NzJmMjU2MDg5MjMifQ.kxNvvxU_CVtFdpWNCJ3UCNdLAaRbOSHUa-kT5ESu0j8'}, {'email': 'test@example.com', 'token': 'eyJhbGciOiJIUzI1NiIsInR5cCI6IkpXVCJ9.eyJleHAiOjE3NzE5NDU4NzgsInN1YiI6InRlc3RAZXhhbXBsZS5jb20iLCJ0eXBlIjoicGFzc3dvcmRfcmVzZXQiLCJqdGkiOiJmNmZhMzdkNy00M2U4LTQzYjQtOGJlZi00NzJmMjU2MDg5MjMifQ.kxNvvxU_CVtFdpWNCJ3UCNdLAaRbOSHUa-kT5ESu0j8'}, {'email': 'test@example.com', 'token': 'eyJhbGciOiJIUzI1NiIsInR5cCI6IkpXVCJ9.eyJleHAiOjE3NzE5NDU4NzgsInN1YiI6InRlc3RAZXhhbXBsZS5jb20iLCJ0eXBlIjoicGFzc3dvcmRfcmVzZXQiLCJqdGkiOiJmNmZhMzdkNy00M2U4LTQzYjQtOGJlZi00NzJmMjU2MDg5MjMifQ.kxNvvxU_CVtFdpWNCJ3UCNdLAaRbOSHUa-kT5ESu0j8'}, {'email': 'test@example.com', 'token': 'eyJhbGciOiJIUzI1NiIsInR5cCI6IkpXVCJ9.eyJleHAiOjE3NzE5NDU4NzgsInN1YiI6InRlc3RAZXhhbXBsZS5jb20iLCJ0eXBlIjoicGFzc3dvcmRfcmVzZXQiLCJqdGkiOiJmNmZhMzdkNy00M2U4LTQzYjQtOGJlZi00NzJmMjU2MDg5MjMifQ.kxNvvxU_CVtFdpWNCJ3UCNdLAaRbOSHUa-kT5ESu0j8'}])

tests/api/test_auth_email.py:168: AssertionError
---------------------------- Captured stderr setup -----------------------------
{"timestamp": "2026-02-24T14:56:18.334806", "level": "INFO", "logger": "app.core.event_handlers", "message": "Registering internal event handlers..."}
{"timestamp": "2026-02-24T14:56:18.335118", "level": "INFO", "logger": "app.core.event_handlers", "message": "All internal event handlers registered successfully."}
------------------------------ Captured log setup ------------------------------
INFO     app.core.event_handlers:event_handlers.py:11 Registering internal event handlers...
INFO     app.core.event_handlers:event_handlers.py:23 All internal event handlers registered successfully.
----------------------------- Captured stderr call -----------------------------
{"timestamp": "2026-02-24T14:56:18.917678", "level": "INFO", "logger": "app.core.events", "message": "Emitting event: auth.password_reset_requested", "correlation_id": "1459e0e1-c781-467a-81d3-cc7738e0362e", "user_id": null, "request_path": "/api/v1/auth/forgot-password", "request_method": "POST", "session_id": null, "service_name": "bizify"}
{"timestamp": "2026-02-24T14:56:18.917678", "level": "INFO", "logger": "bizify.api.middleware", "message": "Request completed successfully", "correlation_id": "1459e0e1-c781-467a-81d3-cc7738e0362e", "user_id": null, "request_path": "/api/v1/auth/forgot-password", "request_method": "POST", "session_id": null, "service_name": "bizify", "status_code": 200, "duration_ms": 26.017189025878906, "path": "/api/v1/auth/forgot-password", "method": "POST"}
{"timestamp": "2026-02-24T14:56:18.946065", "level": "INFO", "logger": "httpx", "message": "HTTP Request: POST http://testserver/api/v1/auth/forgot-password \"HTTP/1.1 200 OK\""}
------------------------------ Captured log call -------------------------------
INFO     app.core.events:events.py:28 Emitting event: auth.password_reset_requested
INFO     bizify.api.middleware:log_middleware.py:78 Request completed successfully
INFO     httpx:_client.py:1027 HTTP Request: POST http://testserver/api/v1/auth/forgot-password "HTTP/1.1 200 OK"
_______________ TestPasswordResetEmailFlow.test_full_reset_flow ________________

self = <test_auth_email.TestPasswordResetEmailFlow object at 0x10ec2cee0>
client = <starlette.testclient.TestClient object at 0x10f6d03a0>
test_user = <app.models.users.user.User object at 0x10f7432b0>
db = <sqlalchemy.orm.session.Session object at 0x10f6d0b20>
monkeypatch = <_pytest.monkeypatch.MonkeyPatch object at 0x10f6aa7c0>

    def test_full_reset_flow(self, client, test_user, db, monkeypatch):
        """forgot-password → reset-password should work end-to-end."""
        captured_token = []
    
        async def fake_send(self, email, token):
            captured_token.append(token)
    
        monkeypatch.setattr(
            "app.services.core.email_service.EmailService.send_password_reset_email", fake_send
        )
    
        # 1. Request reset
        resp = client.post(
            "/api/v1/auth/forgot-password",
            json={"email": test_user.email},
        )
        assert resp.status_code == 200
>       assert len(captured_token) == 1
E       AssertionError: assert 8 == 1
E        +  where 8 = len(['eyJhbGciOiJIUzI1NiIsInR5cCI6IkpXVCJ9.eyJleHAiOjE3NzE5NDU4NzksInN1YiI6InRlc3RAZXhhbXBsZS5jb20iLCJ0eXBlIjoicGFzc3dvcmRfcmVzZXQiLCJqdGkiOiIzYzYyZjFmZC0xODQ3LTQ2YjEtYTE2YS02NTEzN2EzNzEyODcifQ.EbXe5a9NI9e6RDw5GjapnLxNaoNB_a9ILrOnYbSOLEA', 'eyJhbGciOiJIUzI1NiIsInR5cCI6IkpXVCJ9.eyJleHAiOjE3NzE5NDU4NzksInN1YiI6InRlc3RAZXhhbXBsZS5jb20iLCJ0eXBlIjoicGFzc3dvcmRfcmVzZXQiLCJqdGkiOiIzYzYyZjFmZC0xODQ3LTQ2YjEtYTE2YS02NTEzN2EzNzEyODcifQ.EbXe5a9NI9e6RDw5GjapnLxNaoNB_a9ILrOnYbSOLEA', 'eyJhbGciOiJIUzI1NiIsInR5cCI6IkpXVCJ9.eyJleHAiOjE3NzE5NDU4NzksInN1YiI6InRlc3RAZXhhbXBsZS5jb20iLCJ0eXBlIjoicGFzc3dvcmRfcmVzZXQiLCJqdGkiOiIzYzYyZjFmZC0xODQ3LTQ2YjEtYTE2YS02NTEzN2EzNzEyODcifQ.EbXe5a9NI9e6RDw5GjapnLxNaoNB_a9ILrOnYbSOLEA', 'eyJhbGciOiJIUzI1NiIsInR5cCI6IkpXVCJ9.eyJleHAiOjE3NzE5NDU4NzksInN1YiI6InRlc3RAZXhhbXBsZS5jb20iLCJ0eXBlIjoicGFzc3dvcmRfcmVzZXQiLCJqdGkiOiIzYzYyZjFmZC0xODQ3LTQ2YjEtYTE2YS02NTEzN2EzNzEyODcifQ.EbXe5a9NI9e6RDw5GjapnLxNaoNB_a9ILrOnYbSOLEA', 'eyJhbGciOiJIUzI1NiIsInR5cCI6IkpXVCJ9.eyJleHAiOjE3NzE5NDU4NzksInN1YiI6InRlc3RAZXhhbXBsZS5jb20iLCJ0eXBlIjoicGFzc3dvcmRfcmVzZXQiLCJqdGkiOiIzYzYyZjFmZC0xODQ3LTQ2YjEtYTE2YS02NTEzN2EzNzEyODcifQ.EbXe5a9NI9e6RDw5GjapnLxNaoNB_a9ILrOnYbSOLEA', 'eyJhbGciOiJIUzI1NiIsInR5cCI6IkpXVCJ9.eyJleHAiOjE3NzE5NDU4NzksInN1YiI6InRlc3RAZXhhbXBsZS5jb20iLCJ0eXBlIjoicGFzc3dvcmRfcmVzZXQiLCJqdGkiOiIzYzYyZjFmZC0xODQ3LTQ2YjEtYTE2YS02NTEzN2EzNzEyODcifQ.EbXe5a9NI9e6RDw5GjapnLxNaoNB_a9ILrOnYbSOLEA', ...])

tests/api/test_auth_email.py:206: AssertionError
---------------------------- Captured stderr setup -----------------------------
{"timestamp": "2026-02-24T14:56:19.149203", "level": "INFO", "logger": "app.core.event_handlers", "message": "Registering internal event handlers..."}
{"timestamp": "2026-02-24T14:56:19.149566", "level": "INFO", "logger": "app.core.event_handlers", "message": "All internal event handlers registered successfully."}
------------------------------ Captured log setup ------------------------------
INFO     app.core.event_handlers:event_handlers.py:11 Registering internal event handlers...
INFO     app.core.event_handlers:event_handlers.py:23 All internal event handlers registered successfully.
----------------------------- Captured stderr call -----------------------------
{"timestamp": "2026-02-24T14:56:19.578403", "level": "INFO", "logger": "app.core.events", "message": "Emitting event: auth.password_reset_requested", "correlation_id": "c99cfd1c-2e4f-48b8-b5ea-af59ac129893", "user_id": null, "request_path": "/api/v1/auth/forgot-password", "request_method": "POST", "session_id": null, "service_name": "bizify"}
{"timestamp": "2026-02-24T14:56:19.578403", "level": "INFO", "logger": "bizify.api.middleware", "message": "Request completed successfully", "correlation_id": "c99cfd1c-2e4f-48b8-b5ea-af59ac129893", "user_id": null, "request_path": "/api/v1/auth/forgot-password", "request_method": "POST", "session_id": null, "service_name": "bizify", "status_code": 200, "duration_ms": 6.5898895263671875, "path": "/api/v1/auth/forgot-password", "method": "POST"}
{"timestamp": "2026-02-24T14:56:19.586322", "level": "INFO", "logger": "httpx", "message": "HTTP Request: POST http://testserver/api/v1/auth/forgot-password \"HTTP/1.1 200 OK\""}
------------------------------ Captured log call -------------------------------
INFO     app.core.events:events.py:28 Emitting event: auth.password_reset_requested
INFO     bizify.api.middleware:log_middleware.py:78 Request completed successfully
INFO     httpx:_client.py:1027 HTTP Request: POST http://testserver/api/v1/auth/forgot-password "HTTP/1.1 200 OK"
=========================== short test summary info ============================
FAILED tests/api/test_auth_email.py::TestPasswordResetEmailFlow::test_forgot_password_queues_reset_email
FAILED tests/api/test_auth_email.py::TestPasswordResetEmailFlow::test_full_reset_flow
========================= 2 failed, 6 passed in 4.71s ==========================
